=

=5

=
   A B
 2 . . 2     WHITE (O) has captured 0 stones
 1 . . 1     BLACK (X) has captured 0 stones
   A B

=20
   A B
 2 . . 2     WHITE (O) has captured 0 stones
 1 . . 1     BLACK (X) has captured 0 stones
   A B

